252.8G3, ANTI-PHOSPHORYLCHOLINE (S.PNEUMONIAE STR. R36A) HYBRIDOMA
224.7E7'CL, ANTI-PHOSPHORYLCHOLINE (S.PNEUMONIAE STR. R36A) HYBRIDOMA
CBA/J 7C6, ANTI-PHOSPHORYLCHOLINE HYBRIDOMA(BINDING CONSTANT=12.0X10EXP5)
P28'CL, ANTI-PHOSPHORYLCHOLINE HYBRIDOMA
BSc27'CL, ANTI-PHOSPHORYLCHOLINE
224.2B11'CL, ANTI-PHOSPHORYLCHOLINE (S.PNEUMONIAE STR. R36A) HYBRIDOMA
252.5E10'CL, ANTI-PHOSPHORYLCHOLINE (S.PNEUMONIAE STR. R36A) HYBRIDOMA
180.2B2'CL, ANTI-PHOSPHORYLCHOLINE (P. MORGANII) HYBRIDOMA
221.2D10'CL, ANTI-PHOSPHORYLCHOLINE (P.MORGANII) HYBRIDOMA
71-2H11'CL, ANTI-PHOSPHORYLCHOLINE HYBRIDOMA
WSd20'CL, ANTI-PHOSPHORYLCHOLINE
3A9'CL, ANTI-GALACTOSYLGLOBOSIDE
aPC-51-1'CL, ANTI-PHOSPHORYLCHOLINE COUPLED TO KLH AND BSA HYBRIDOMA (GROUP I)
HPCM2, ANTI-PHOSPHORYLCHOLINE HYBRIDOMA(BINDING CONSTANT=3.5X10EXP5)
221.3G5''CL, ANTI-PHOSPHOCHOLINE-SPECIFIC DETERMINANT IN PROTEUS MORGANII
BSb58'CL, ANTI-PHOSPHORYLCHOLINE
G2b-2'CL, ANTI-PHOSPHORYLCHOLINE-KEYHOLE LIMPET HEMOCYANIN
CAL-9'CL, ANTI-CARDIOLIPIN
56-1'CL, ANTI-PHOSPHORYLCHOLINE-KEYHOLE LIMPET HEMOCYANIN
NC19-E11'CL, ANTI-PHOSPHATIDYL CHOLINE
265.15D4'CL, ANTI-PHOSPHORYLCHOLINE (P. MORGANII) HYBRIDOMA
BS1z63'CL, ANTI-PHOSPHORYLCHOLINE
C57BL 23169, ANTI-PHOSPHORYLCHOLINE HYBRIDOMA (BINDING CONSTANT=3.0X10EXP5)
