84-32'CL, ANTI-DNA
3.A290'CL, ANTI-DNA AUTOANTIBODY.
BW24-P18'CL, ANTI-DNA
MRL1-45'CL, ANTI-SSDNA, ANTI-HOMOGENEOUS NUCLEAR
3E12'CL, ANTI-DNA
84-20'CL, ANTI-DNA
KIM46H'CL, ANTI-DNA HYBRIDOMA
BKV22'CL, ANTI-DSDNA
AKR-8'CL, ANTI-DNA
79'CL, ANTI-DSDNA
202.54'CL, ANTI-DNA
BW9-7'CL, ANTI-DNA
70.1.4'CL, ANTI-DNA, ACTIN, MYOSIN, THYROGLOBULIN
B62.H'CL, ANTI-DNA,POLY(DG)
15'CL, ANTI-DSDNA
BKD17'CL, ANTI-DNA
MRL2-146'CL, ANTI-SSDNA, ANTI-HOMOGENOUS NUCLEAR
BV16-13'CL, ANTI-DSDNA (95%), SSDNA (28%)
S107.U4, ANTI-DOUBLE-STRANDED DNA AND ANTI-PHOSPHORYLCHOLINE-KLH
T33-2'CL, ANTI-DNA
17s.166'CL, ANTI-DNA
99D.7E'CL, ANTI-DSDNA, ANTI-PHOSPHORYLCHOLINE
MRL3-45'CL, ANTI-DNA
TH3'CL, ANTI-SSDNA, IGG HYBRIDOMA
73-2'CL, ANTI-DNA
NZW11F7'CL, ANTI-DSDNA
AKR-6'CL, ANTI-DNA
1/17'CL, ANTI-DNA AUTOANTIBODY HYBRIDOMA
202.33'CL, ANTI-DNA
165.27'CL, ANTI-DNA
74.119'CL, ANTI-DNA
4D5'CL, ANTI-DNA
2E3'CL, ANTI-DNA
163.42'CL, ANTI-DNA
BA1224-2'CL, ANTI-DSDNA
D5, ANTI-DNA
NP5-1'CL, ANTI-DNA
Z22'CL, ANTI-Z-DNA
BW24-28'CL, ANTI-DNA
PL2-8'CL, ANTI-SUBNUCLEOSOMES (H2A-H2B-DNA)
BKV1'CL, ANTI-DSDNA
IC4'CL, ANTI-DNA
BW16B2'CL, ANTI-DSDNA
H102'CL, ANTI-SSDNA AUTOANTIBODY
64.8DI'CL, ANTI-DNA
MRL2-14'CL, ANTI-SSDNA, ANTI-HOMOGENOUS NUCLEAR
Ig5-3'CL, ANTI-DNA
F12.40D3'CL, ANTI-DSDNA
NP11-1'CL, ANTI-DNA
MRL2-171'CL, ANTI-SSDNA, ANTI-HOMOGENOUS NUCLEAR
PL2-2'CL, ANTI-SUBNUCLEOSOMES (H2A-H2B-DNA)
