NPYI-125.3'CL, ANTI-NEUROPEPTIDE Y
22.186'CL, ANTI-POLY(GLU60,ALA30,TYR10) HYBRIDOMA
PC46'CL, ANTI-PS1CT3
612'CL, ANTI-MEP-1 17-31 PEPTIDE
G6 BD 2.6, ANTI-POLY(GLU60,ALA30,TYR10) BALB/C HYBRIDOMA
NEO C72-3A1'CL, ANTI-(T,G)-A--L
PC2811'CL, ANTI-PSICT3
J1-1E6'CL, ANTI-POLY-L-(TYR,GLU)-POLY-D,L-ALA--POLYL-LYS HYBRIDOMA
544'CL, ANTI-P601E
C97-1A4'CL, ANTI-(TYR,GLU)-ALA-LYS
J7-7F6'CL, ANTI-POLY-L-(TYR,GLU)-POLY-D,L-ALA--POLYL-LYS HYBRIDOMA
K (VH36-60)'CL, ANTI-(T,G)-A--L
IAG-1, ANTI-POLYAMINE, CROSS REACTS WITH SPERMIDINE
