4.8.1'CL, ANTI-ALPHA 1,6 DEXTRAN HYBRIDOMA
Ann2'CL, ANTI-POLYSACCHARIDE OF HEMOPHILUS INFLUENZAE TYPE B
XRPC44, ANTI-BETA 1,6 D-GALACTAN
SC2'CL, ANTI-MCPS
O25G3D6'CL, ANTI-PSEUDOMONAS AERUGINOSA LIPOPOLYSACCHARIDE O6 O-ANTIGEN
B6''CL, ANTI-RABBIT-ANTI-MOUSE-C-LAMBDA-2 ANTIBODY COUPLED TO LIPOPOLYSACCHARIDE HYBRIDOMA
ToP249'CL, ANTI-CAPSULAR POLYSACCHARIDE OF HAEMOPHILUS INFLUENZAE TYPE B
Ab3-2C4'CL, ANTI-MCPS PEPTIDE P3 COMPLEXED WITH PROTEOSOMES, ANTI-IDIOTYPE AB2-6F9
DN7'CL, ANTI-MCPS
5E2'CL, ANTI-RABBIT-ANTI-MOUSE-C-LAMBDA-2 ANTIBODY COUPLED TO LIPOPOLYSACCHARIDE HYBRIDOMA
SOL1'CL, ANTI-HAEMOPHILUS INFLUENZAE TYPE B CAPSULAR POLYSACCHARIDE (HIB PS)
10/2'CL, ANTI-GAL ALPHA 1-3 GAL BETA 1-4 GLCNAC-R (BINDING CONSTANT=1.1X10EXP6)
mAb735, ANTI-ALPHA(2,8)POLYSIALIC ACID
ToP237'CL, ANTI-CAPSULAR POLYSACCHARIDE OF HAEMOPHILUS INFLUENZAE TYPE B
1E10''CL, ANTI-CRYPTOCOCCUS NEOFORMANS POLYSACCHARIDE (SEROPTYPE A)
10.16.1'CL, ANTI-ALPHA 1,6 DEXTRAN HYBRIDOMA
J539, ANTI-BETA 1,6 D-GALACTAN
ToPA210'CL, ANTI-HAEMOPHILUS INFLUENZAE TYPE B CAPSULAR POLYSACCHARIDE
40-140, ANTI-DIGOXIN
SC9'CL, ANTI-MCPS
HDEX37, ANTI-ALPHA 1,3 ALPHA 1,6 DEXTRAN HYBRIDOMA
ToP101'CL, ANTI-CAPSULAR POLYSACCHARIDE OF HAEMOPHILUS INFLUENZAE TYPE B
F12H3'CL, ANTI-DEXTRAN B512
F3F3'CL, ANTI-DEXTRAN B512
EPC109, ANTI-BETA 2,1 FRUCTOSAN (BINDING CONSTANT=6.6X10EXP5)
23'CL, ANTI-LE X, SIALYL LE X, NLACCER
2E126'CL, ANTI-RABBIT-ANTI-MOUSE-C-LAMBDA-2 ANTIBODY COUPLED TO LIPOPOLYSACCHARIDE HYBRIDOMA
2E50'CL, ANTI-RABBIT-ANTI-MOUSE-C-LAMBDA-2 ANTIBODY COUPLED TO LIPOPOLYSACCHARIDE HYBRIDOMA
ABPC47N, ANTI-BETA 2,1 FRUCTOSAN (BINDING CONSTANT=2.2X10EXP5)
42.7B3.2a'CL, ANTI-ALPHA 1,6 DEXTRAN
J606, ANTI-BETA 2,1 FRUCTOSAN
SiP011'CL, ANTI-CAPSULAR POLYSACCHARIDE OF HAEMOPHILUS INFLUENZAE TYPE B
3E4, ANTI-DIGOXIN ANTIBODY
40-120, ANTI-DIGOXIN
SC6'CL, ANTI-MCPS
66.3E3'CL, ANTI-GROUP A STREPTOCOCCAL CARBOHYDRATE HYBRIDOMA
HDEX7, ANTI-ALPHA 1,3 ALPHA 1,6 DEXTRAN HYBRIDOMA
ToP255'CL, ANTI-CAPSULAR POLYSACCHARIDE OF HAEMOPHILUS INFLUENZAE TYPE B
SC10'CL, ANTI-MCPS
2S1.3, ANTI-STREPTOCOCCAL GROUP A CARBOHYDRATE, ANTI-BETA-1,3-N-ACETYL-D-GLUCOSAMINE
SiP016'CL, ANTI-CAPSULAR POLYSACCHARIDE OF HAEMOPHILUS INFLUENZAE TYPE B
ToP207'CL, ANTI-CAPSULAR POLYSACCHARIDE OF HAEMOPHILUS INFLUENZAE TYPE B
7E5'CL, ANTI-CRYPTOCOCCUS NEOFORMANS POLYSACCHARIDE (SEROPTYPE A)
DN13'CL, ANTI-MCPS
101'CL, ANTI-PSEUDOMONAS AERUGINOSA LIPOPOLYSACCHARIDE OUTER CORE
SiP002'CL, ANTI-CAPSULAR POLYSACCHARIDE OF HAEMOPHILUS INFLUENZAE TYPE B
HDEX1, ANTI-ALPHA 1,3 ALPHA 1,6 DEXTRAN HYBRIDOMA
SiP003'CL, ANTI-CAPSULAR POLYSACCHARIDE OF HAEMOPHILUS INFLUENZAE TYPE B
